
> show-management-app-backend@1.0.0 test
> mocha --require test/setup.js 'test/**/*.test.js' --timeout 10000

Connection Failed MongoParseError: options usenewurlparser, useunifiedtopology, usefindandmodify are not supported
    at parseOptions (C:\Users\User\projects\Show-Management-App-Backend\node_modules\mongodb\lib\connection_string.js:272:15)
    at new MongoClient (C:\Users\User\projects\Show-Management-App-Backend\node_modules\mongodb\lib\mongo_client.js:67:61)
    at NativeConnection.createClient (C:\Users\User\projects\Show-Management-App-Backend\node_modules\mongoose\lib\drivers\node-mongodb-native\connection.js:336:14)
    at NativeConnection.openUri (C:\Users\User\projects\Show-Management-App-Backend\node_modules\mongoose\lib\connection.js:1075:34)
    at Mongoose.connect (C:\Users\User\projects\Show-Management-App-Backend\node_modules\mongoose\lib\mongoose.js:451:15)
    at Object.<anonymous> (C:\Users\User\projects\Show-Management-App-Backend\db\connection.js:11:10)
    at Module._compile (node:internal/modules/cjs/loader:1521:14)
    at Module._extensions..js (node:internal/modules/cjs/loader:1623:10)
    at Module.load (node:internal/modules/cjs/loader:1266:32)
    at Module._load (node:internal/modules/cjs/loader:1091:12)
    at Module.require (node:internal/modules/cjs/loader:1289:19)
    at require (node:internal/modules/helpers:182:18)
    at Object.<anonymous> (C:\Users\User\projects\Show-Management-App-Backend\models\Customer.js:1:18)
    at Module._compile (node:internal/modules/cjs/loader:1521:14)
    at Module._extensions..js (node:internal/modules/cjs/loader:1623:10)
    at Module.load (node:internal/modules/cjs/loader:1266:32)
    at Module._load (node:internal/modules/cjs/loader:1091:12)
    at Module.require (node:internal/modules/cjs/loader:1289:19)
    at require (node:internal/modules/helpers:182:18)
    at Object.<anonymous> (C:\Users\User\projects\Show-Management-App-Backend\controllers\customers.js:4:18)
    at Module._compile (node:internal/modules/cjs/loader:1521:14)
    at Module._extensions..js (node:internal/modules/cjs/loader:1623:10)
    at Module.load (node:internal/modules/cjs/loader:1266:32)
    at Module._load (node:internal/modules/cjs/loader:1091:12)
    at Module.require (node:internal/modules/cjs/loader:1289:19)
    at require (node:internal/modules/helpers:182:18)
    at Object.<anonymous> (C:\Users\User\projects\Show-Management-App-Backend\test\controllers\customers.test.js:5:24)
    at Module._compile (node:internal/modules/cjs/loader:1521:14)
    at Module._extensions..js (node:internal/modules/cjs/loader:1623:10)
    at Module.load (node:internal/modules/cjs/loader:1266:32)
    at Module._load (node:internal/modules/cjs/loader:1091:12)
    at cjsLoader (node:internal/modules/esm/translators:298:15)
    at ModuleWrap.<anonymous> (node:internal/modules/esm/translators:240:7)
    at ModuleJob.run (node:internal/modules/esm/module_job:325:25)
    at async ModuleLoader.import (node:internal/modules/esm/loader:606:24)
    at async formattedImport (C:\Users\User\projects\Show-Management-App-Backend\node_modules\mocha\lib\nodejs\esm-utils.js:9:14)
    at async exports.requireOrImport (C:\Users\User\projects\Show-Management-App-Backend\node_modules\mocha\lib\nodejs\esm-utils.js:42:28)
    at async exports.loadFilesAsync (C:\Users\User\projects\Show-Management-App-Backend\node_modules\mocha\lib\nodejs\esm-utils.js:100:20)
    at async singleRun (C:\Users\User\projects\Show-Management-App-Backend\node_modules\mocha\lib\cli\run-helpers.js:162:3)
    at async exports.handler (C:\Users\User\projects\Show-Management-App-Backend\node_modules\mocha\lib\cli\run.js:375:5) {
  errorLabelSet: Set(0) {}
}


  Customer Controller
    GET /customers
      Γ£ö should return all customers (42ms)
      Γ£ö should return empty array when no customers exist
    GET /customers/:_id
694cb3c15e9a6ba801bcd255
      Γ£ö should return a customer by id
694cb3c15e9a6ba801bcd259
      Γ£ö should return empty array for non-existent customer
    POST /customers
{
  businessName: 'New Business LLC',
  firstName: 'Alice',
  lastName: 'Smith',
  phone: '555-0123',
  email: 'alice@newbiz.com',
  comment: [ 'Good service', 'Would recommend' ]
}
      Γ£ö should create a new customer
{ businessName: 'Minimal Inc', firstName: 'Charlie' }
      Γ£ö should create customer with minimal data
    PUT /customers/:id
      Γ£ö should update a customer
      Γ£ö should return null for non-existent customer
    DELETE /customers/:id
      Γ£ö should delete a customer
      Γ£ö should return null for non-existent customer

  Equipment Controller
    GET /equipments
      Γ£ö should return all equipment
      Γ£ö should return empty array when no equipment exists
    GET /equipments/:_id
694cb3c25e9a6ba801bcd279
      Γ£ö should return equipment by id
694cb3c25e9a6ba801bcd27d
      Γ£ö should return empty array for non-existent equipment
    POST /equipments
{
  name: 'Professional LED Array',
  size: 'Large',
  description: '500W LED array system',
  quantity: 8,
  type: 'Lighting'
}
      Γ£ö should create new equipment
{ name: 'Basic Equipment', quantity: 1 }
      Γ£ö should create equipment with minimal data
    PUT /equipments/:id
      Γ£ö should update equipment
      Γ£ö should return null for non-existent equipment
    DELETE /equipments/:id
      Γ£ö should delete equipment
      Γ£ö should return null for non-existent equipment

  Product Controller
    GET /products
      Γ£ö should return all products
      Γ£ö should return empty array when no products exist
    GET /products/:_id
694cb3c25e9a6ba801bcd29d
      Γ£ö should return a product by id
694cb3c25e9a6ba801bcd2a1
      Γ£ö should return empty array for non-existent product
    POST /products
{
  name: 'Premium Fireworks Shell',
  size: 'Large',
  description: '3-inch shell with colorful burst',
  quantity: 100,
  type: 'Shell'
}
      Γ£ö should create a new product
{ name: 'Minimal Product' }
      Γ£ö should create product with minimal data
    PUT /products/:id
      Γ£ö should update a product
      Γ£ö should return null for non-existent product
    DELETE /products/:id
      Γ£ö should delete a product
      Γ£ö should return null for non-existent product

  Show Controller
    GET /shows
      Γ£ö should return all shows
      Γ£ö should return empty array when no shows exist
    GET /shows/:_id
694cb3c35e9a6ba801bcd2c1
      Γ£ö should return a show by id
694cb3c35e9a6ba801bcd2c5
      Γ£ö should return empty array for non-existent show
    POST /shows
{
  businessName: 'New Year Spectacular',
  status: 'scheduled',
  date: '2026-01-01',
  venue: 'Central Park',
  type: 'Fireworks'
}
      Γ£ö should create a new show
{
  businessName: 'Multi-user Show',
  user: [ 'user1', 'user2' ],
  role: [ 'manager', 'technician' ]
}
      Γ£ö should create show with array fields
    PUT /shows/:id
      Γ£ö should update a show
      Γ£ö should return null for non-existent show
    DELETE /shows/:id
      Γ£ö should delete a show
      Γ£ö should return null for non-existent show

  Type Controller
    GET /types
      Γ£ö should return all types
      Γ£ö should return empty array when no types exist
    GET /types/:_id
694cb3c35e9a6ba801bcd2e5
      Γ£ö should return a type by id
694cb3c35e9a6ba801bcd2e9
      Γ£ö should return empty array for non-existent type
    POST /types
{
  type: 'Special Effects',
  description: 'Special effects displays',
  pictures: [ 'pic1.jpg', 'pic2.jpg' ]
}
      Γ£ö should create a new type
{ type: 'Minimal Type' }
      Γ£ö should create type with minimal data
    PUT /types/:id
      Γ£ö should update a type
      Γ£ö should return null for non-existent type
    DELETE /types/:id
      Γ£ö should delete a type
      Γ£ö should return null for non-existent type

  User Controller
    GET /users
      Γ£ö should return all users
      Γ£ö should return empty array when no users exist
    GET /users/:_id
694cb3c45e9a6ba801bcd309
      Γ£ö should return a user by id
694cb3c45e9a6ba801bcd30d
      Γ£ö should return empty array for non-existent user
    GET /users/username/:userName
{ userName: 'alice' }
      Γ£ö should return a user by username
{ userName: 'nonexistent' }
      Γ£ö should return null for non-existent username
    POST /users
{
  firstName: 'Charlie',
  lastName: 'Brown',
  userName: 'charlie',
  password: 'pass123',
  email: 'charlie@test.com'
}
      Γ£ö should create a new user
{ firstName: 'Dave', userName: 'dave' }
      Γ£ö should create user with partial data
    PUT /users/:_id
      Γ£ö should update a user
      Γ£ö should return null for non-existent user
    DELETE /users/:id
      Γ£ö should delete a user
      Γ£ö should return null for non-existent user

  Venue Controller
    GET /venues
      Γ£ö should return all venues
      Γ£ö should return empty array when no venues exist
    GET /venues/:_id
694cb3c55e9a6ba801bcd334
      Γ£ö should return a venue by id
694cb3c55e9a6ba801bcd338
      Γ£ö should return empty array for non-existent venue
    POST /venues
{
  venue: 'Grand Stadium',
  address: '123 Sports Lane',
  city: 'Boston',
  state: 'MA',
  country: 'USA',
  zip: '02101'
}
      Γ£ö should create a new venue
{ venue: 'Minimal Venue', city: 'Some City' }
      Γ£ö should create venue with minimal data
    PUT /venues/:id
      Γ£ö should update a venue
      Γ£ö should return null for non-existent venue
    DELETE /venues/:id
      Γ£ö should delete a venue
      Γ£ö should return null for non-existent venue

  Customer Model
    Γ£ö should create a customer with all fields
    Γ£ö should find a customer by id
    Γ£ö should update a customer
    Γ£ö should delete a customer
    Γ£ö should find all customers
    Γ£ö should handle empty comments array

  Equipment Model
    Γ£ö should create equipment with all fields
    Γ£ö should find equipment by id
    Γ£ö should update equipment
    Γ£ö should delete equipment
    Γ£ö should find all equipment
    Γ£ö should handle numeric quantity field

  Product Model
    Γ£ö should create a product with all fields
    Γ£ö should find a product by id
    Γ£ö should update a product
    Γ£ö should delete a product
    Γ£ö should find all products
    Γ£ö should allow products without type field

  Show Model
    Γ£ö should create a show with all fields
    Γ£ö should find a show by id
    Γ£ö should update a show
    Γ£ö should delete a show
    Γ£ö should find all shows
    Γ£ö should allow shows with array fields

  Type Model
    Γ£ö should create a type with all fields
    Γ£ö should find a type by id
    Γ£ö should update a type
    Γ£ö should delete a type
    Γ£ö should find all types
    Γ£ö should handle pictures array field

  User Model
    Γ£ö should create a user with all fields
    Γ£ö should find a user by id
    Γ£ö should find a user by userName
    Γ£ö should update a user
    Γ£ö should delete a user
    Γ£ö should find all users
    Γ£ö should allow partial user creation

  Venue Model
    Γ£ö should create a venue with all fields
    Γ£ö should find a venue by id
    Γ£ö should update a venue
    Γ£ö should delete a venue
    Γ£ö should find all venues
    Γ£ö should handle complete address information


  115 passing (8s)

